I'm sorry, but errors were detected in your script. Please correct the
errors listed below, and try again.


File "game/script.rpy", line 240: menu statement expects a non-empty block.
    menu hide
        ^

Ren'Py Version: Ren'Py 7.3.5.606
Wed Mar 04 16:15:54 2020
